Performing C SOURCE FILE Test C_SUPPORTS_WERROR_UNGUARDED_AVAILABILITY_NEW failed with the following output:
Change Dir: /mnt/d/code_project/geekrun/external_fork/Kotoamatsukami/build/CMakeFiles/CMakeTmp

Run Build Command(s):/usr/bin/gmake -f Makefile cmTC_ab2fb/fast && /usr/bin/gmake  -f CMakeFiles/cmTC_ab2fb.dir/build.make CMakeFiles/cmTC_ab2fb.dir/build
gmake[1]: Entering directory '/mnt/d/code_project/geekrun/external_fork/Kotoamatsukami/build/CMakeFiles/CMakeTmp'
/usr/bin/cmake: /usr/local/lib/libcurl.so.4: no version information available (required by /usr/bin/cmake)
Building C object CMakeFiles/cmTC_ab2fb.dir/src.c.o
/usr/bin/cc -DC_SUPPORTS_WERROR_UNGUARDED_AVAILABILITY_NEW  -g -fPIC -fno-semantic-interposition -Werror=date-time    -Werror -Werror=unguarded-availability-new -o CMakeFiles/cmTC_ab2fb.dir/src.c.o -c /mnt/d/code_project/geekrun/external_fork/Kotoamatsukami/build/CMakeFiles/CMakeTmp/src.c
cc1: error: '-Werror=unguarded-availability-new': no option '-Wunguarded-availability-new'
gmake[1]: *** [CMakeFiles/cmTC_ab2fb.dir/build.make:78: CMakeFiles/cmTC_ab2fb.dir/src.c.o] Error 1
gmake[1]: Leaving directory '/mnt/d/code_project/geekrun/external_fork/Kotoamatsukami/build/CMakeFiles/CMakeTmp'
gmake: *** [Makefile:127: cmTC_ab2fb/fast] Error 2


Source file was:
int main(void) { return 0; }
Performing C++ SOURCE FILE Test CXX_SUPPORTS_WERROR_UNGUARDED_AVAILABILITY_NEW failed with the following output:
Change Dir: /mnt/d/code_project/geekrun/external_fork/Kotoamatsukami/build/CMakeFiles/CMakeTmp

Run Build Command(s):/usr/bin/gmake -f Makefile cmTC_6bba4/fast && /usr/bin/gmake  -f CMakeFiles/cmTC_6bba4.dir/build.make CMakeFiles/cmTC_6bba4.dir/build
gmake[1]: Entering directory '/mnt/d/code_project/geekrun/external_fork/Kotoamatsukami/build/CMakeFiles/CMakeTmp'
/usr/bin/cmake: /usr/local/lib/libcurl.so.4: no version information available (required by /usr/bin/cmake)
Building CXX object CMakeFiles/cmTC_6bba4.dir/src.cxx.o
/usr/bin/c++ -DCXX_SUPPORTS_WERROR_UNGUARDED_AVAILABILITY_NEW  -g -fPIC -fno-semantic-interposition -fvisibility-inlines-hidden -Werror=date-time    -Werror -Werror=unguarded-availability-new -std=gnu++17 -o CMakeFiles/cmTC_6bba4.dir/src.cxx.o -c /mnt/d/code_project/geekrun/external_fork/Kotoamatsukami/build/CMakeFiles/CMakeTmp/src.cxx
cc1plus: error: '-Werror=unguarded-availability-new': no option '-Wunguarded-availability-new'
gmake[1]: *** [CMakeFiles/cmTC_6bba4.dir/build.make:78: CMakeFiles/cmTC_6bba4.dir/src.cxx.o] Error 1
gmake[1]: Leaving directory '/mnt/d/code_project/geekrun/external_fork/Kotoamatsukami/build/CMakeFiles/CMakeTmp'
gmake: *** [Makefile:127: cmTC_6bba4/fast] Error 2


Source file was:
int main() { return 0; }
Performing C SOURCE FILE Test C_SUPPORTS_COVERED_SWITCH_DEFAULT_FLAG failed with the following output:
Change Dir: /mnt/d/code_project/geekrun/external_fork/Kotoamatsukami/build/CMakeFiles/CMakeTmp

Run Build Command(s):/usr/bin/gmake -f Makefile cmTC_add00/fast && /usr/bin/gmake  -f CMakeFiles/cmTC_add00.dir/build.make CMakeFiles/cmTC_add00.dir/build
gmake[1]: Entering directory '/mnt/d/code_project/geekrun/external_fork/Kotoamatsukami/build/CMakeFiles/CMakeTmp'
/usr/bin/cmake: /usr/local/lib/libcurl.so.4: no version information available (required by /usr/bin/cmake)
Building C object CMakeFiles/cmTC_add00.dir/src.c.o
/usr/bin/cc -DC_SUPPORTS_COVERED_SWITCH_DEFAULT_FLAG  -g -fPIC -fno-semantic-interposition -Werror=date-time -fno-lifetime-dse -Wall -Wextra -Wno-unused-parameter -Wwrite-strings -Wcast-qual -Wno-missing-field-initializers -Wimplicit-fallthrough    -Werror -Wcovered-switch-default -o CMakeFiles/cmTC_add00.dir/src.c.o -c /mnt/d/code_project/geekrun/external_fork/Kotoamatsukami/build/CMakeFiles/CMakeTmp/src.c
cc: error: unrecognized command-line option '-Wcovered-switch-default'; did you mean '-Wno-switch-default'?
gmake[1]: *** [CMakeFiles/cmTC_add00.dir/build.make:78: CMakeFiles/cmTC_add00.dir/src.c.o] Error 1
gmake[1]: Leaving directory '/mnt/d/code_project/geekrun/external_fork/Kotoamatsukami/build/CMakeFiles/CMakeTmp'
gmake: *** [Makefile:127: cmTC_add00/fast] Error 2


Source file was:
int main(void) { return 0; }
Performing C++ SOURCE FILE Test CXX_SUPPORTS_COVERED_SWITCH_DEFAULT_FLAG failed with the following output:
Change Dir: /mnt/d/code_project/geekrun/external_fork/Kotoamatsukami/build/CMakeFiles/CMakeTmp

Run Build Command(s):/usr/bin/gmake -f Makefile cmTC_34a6e/fast && /usr/bin/gmake  -f CMakeFiles/cmTC_34a6e.dir/build.make CMakeFiles/cmTC_34a6e.dir/build
gmake[1]: Entering directory '/mnt/d/code_project/geekrun/external_fork/Kotoamatsukami/build/CMakeFiles/CMakeTmp'
/usr/bin/cmake: /usr/local/lib/libcurl.so.4: no version information available (required by /usr/bin/cmake)
Building CXX object CMakeFiles/cmTC_34a6e.dir/src.cxx.o
/usr/bin/c++ -DCXX_SUPPORTS_COVERED_SWITCH_DEFAULT_FLAG  -g -fPIC -fno-semantic-interposition -fvisibility-inlines-hidden -Werror=date-time -fno-lifetime-dse -Wall -Wextra -Wno-unused-parameter -Wwrite-strings -Wcast-qual -Wno-missing-field-initializers -Wimplicit-fallthrough    -Werror -Wcovered-switch-default -std=gnu++17 -o CMakeFiles/cmTC_34a6e.dir/src.cxx.o -c /mnt/d/code_project/geekrun/external_fork/Kotoamatsukami/build/CMakeFiles/CMakeTmp/src.cxx
c++: error: unrecognized command-line option '-Wcovered-switch-default'; did you mean '-Wno-switch-default'?
gmake[1]: *** [CMakeFiles/cmTC_34a6e.dir/build.make:78: CMakeFiles/cmTC_34a6e.dir/src.cxx.o] Error 1
gmake[1]: Leaving directory '/mnt/d/code_project/geekrun/external_fork/Kotoamatsukami/build/CMakeFiles/CMakeTmp'
gmake: *** [Makefile:127: cmTC_34a6e/fast] Error 2


Source file was:
int main() { return 0; }
Performing C SOURCE FILE Test C_SUPPORTS_WERROR_UNGUARDED_AVAILABILITY_NEW failed with the following output:
Change Dir: /mnt/d/code_project/geekrun/external_fork/Kotoamatsukami/build/CMakeFiles/CMakeTmp

Run Build Command(s):/usr/bin/gmake -f Makefile cmTC_d3cfd/fast && /usr/bin/gmake  -f CMakeFiles/cmTC_d3cfd.dir/build.make CMakeFiles/cmTC_d3cfd.dir/build
gmake[1]: Entering directory '/mnt/d/code_project/geekrun/external_fork/Kotoamatsukami/build/CMakeFiles/CMakeTmp'
/usr/bin/cmake: /usr/local/lib/libcurl.so.4: no version information available (required by /usr/bin/cmake)
Building C object CMakeFiles/cmTC_d3cfd.dir/src.c.o
/usr/bin/cc -DC_SUPPORTS_WERROR_UNGUARDED_AVAILABILITY_NEW  -g -fPIC -fno-semantic-interposition -Werror=date-time    -Werror -Werror=unguarded-availability-new -o CMakeFiles/cmTC_d3cfd.dir/src.c.o -c /mnt/d/code_project/geekrun/external_fork/Kotoamatsukami/build/CMakeFiles/CMakeTmp/src.c
cc1: error: '-Werror=unguarded-availability-new': no option '-Wunguarded-availability-new'
gmake[1]: *** [CMakeFiles/cmTC_d3cfd.dir/build.make:78: CMakeFiles/cmTC_d3cfd.dir/src.c.o] Error 1
gmake[1]: Leaving directory '/mnt/d/code_project/geekrun/external_fork/Kotoamatsukami/build/CMakeFiles/CMakeTmp'
gmake: *** [Makefile:127: cmTC_d3cfd/fast] Error 2


Source file was:
int main(void) { return 0; }
Performing C++ SOURCE FILE Test CXX_SUPPORTS_WERROR_UNGUARDED_AVAILABILITY_NEW failed with the following output:
Change Dir: /mnt/d/code_project/geekrun/external_fork/Kotoamatsukami/build/CMakeFiles/CMakeTmp

Run Build Command(s):/usr/bin/gmake -f Makefile cmTC_dbaf2/fast && /usr/bin/gmake  -f CMakeFiles/cmTC_dbaf2.dir/build.make CMakeFiles/cmTC_dbaf2.dir/build
gmake[1]: Entering directory '/mnt/d/code_project/geekrun/external_fork/Kotoamatsukami/build/CMakeFiles/CMakeTmp'
/usr/bin/cmake: /usr/local/lib/libcurl.so.4: no version information available (required by /usr/bin/cmake)
Building CXX object CMakeFiles/cmTC_dbaf2.dir/src.cxx.o
/usr/bin/c++ -DCXX_SUPPORTS_WERROR_UNGUARDED_AVAILABILITY_NEW  -g -fPIC -fno-semantic-interposition -fvisibility-inlines-hidden -Werror=date-time    -Werror -Werror=unguarded-availability-new -std=gnu++17 -o CMakeFiles/cmTC_dbaf2.dir/src.cxx.o -c /mnt/d/code_project/geekrun/external_fork/Kotoamatsukami/build/CMakeFiles/CMakeTmp/src.cxx
cc1plus: error: '-Werror=unguarded-availability-new': no option '-Wunguarded-availability-new'
gmake[1]: *** [CMakeFiles/cmTC_dbaf2.dir/build.make:78: CMakeFiles/cmTC_dbaf2.dir/src.cxx.o] Error 1
gmake[1]: Leaving directory '/mnt/d/code_project/geekrun/external_fork/Kotoamatsukami/build/CMakeFiles/CMakeTmp'
gmake: *** [Makefile:127: cmTC_dbaf2/fast] Error 2


Source file was:
int main() { return 0; }
Performing C SOURCE FILE Test C_SUPPORTS_COVERED_SWITCH_DEFAULT_FLAG failed with the following output:
Change Dir: /mnt/d/code_project/geekrun/external_fork/Kotoamatsukami/build/CMakeFiles/CMakeTmp

Run Build Command(s):/usr/bin/gmake -f Makefile cmTC_a0431/fast && /usr/bin/gmake  -f CMakeFiles/cmTC_a0431.dir/build.make CMakeFiles/cmTC_a0431.dir/build
gmake[1]: Entering directory '/mnt/d/code_project/geekrun/external_fork/Kotoamatsukami/build/CMakeFiles/CMakeTmp'
/usr/bin/cmake: /usr/local/lib/libcurl.so.4: no version information available (required by /usr/bin/cmake)
Building C object CMakeFiles/cmTC_a0431.dir/src.c.o
/usr/bin/cc -DC_SUPPORTS_COVERED_SWITCH_DEFAULT_FLAG  -g -fPIC -fno-semantic-interposition -Werror=date-time -fno-lifetime-dse -Wall -Wextra -Wno-unused-parameter -Wwrite-strings -Wcast-qual -Wno-missing-field-initializers -Wimplicit-fallthrough    -Werror -Wcovered-switch-default -o CMakeFiles/cmTC_a0431.dir/src.c.o -c /mnt/d/code_project/geekrun/external_fork/Kotoamatsukami/build/CMakeFiles/CMakeTmp/src.c
cc: error: unrecognized command-line option '-Wcovered-switch-default'; did you mean '-Wno-switch-default'?
gmake[1]: *** [CMakeFiles/cmTC_a0431.dir/build.make:78: CMakeFiles/cmTC_a0431.dir/src.c.o] Error 1
gmake[1]: Leaving directory '/mnt/d/code_project/geekrun/external_fork/Kotoamatsukami/build/CMakeFiles/CMakeTmp'
gmake: *** [Makefile:127: cmTC_a0431/fast] Error 2


Source file was:
int main(void) { return 0; }
Performing C++ SOURCE FILE Test CXX_SUPPORTS_COVERED_SWITCH_DEFAULT_FLAG failed with the following output:
Change Dir: /mnt/d/code_project/geekrun/external_fork/Kotoamatsukami/build/CMakeFiles/CMakeTmp

Run Build Command(s):/usr/bin/gmake -f Makefile cmTC_5863f/fast && /usr/bin/gmake  -f CMakeFiles/cmTC_5863f.dir/build.make CMakeFiles/cmTC_5863f.dir/build
gmake[1]: Entering directory '/mnt/d/code_project/geekrun/external_fork/Kotoamatsukami/build/CMakeFiles/CMakeTmp'
/usr/bin/cmake: /usr/local/lib/libcurl.so.4: no version information available (required by /usr/bin/cmake)
Building CXX object CMakeFiles/cmTC_5863f.dir/src.cxx.o
/usr/bin/c++ -DCXX_SUPPORTS_COVERED_SWITCH_DEFAULT_FLAG  -g -fPIC -fno-semantic-interposition -fvisibility-inlines-hidden -Werror=date-time -fno-lifetime-dse -Wall -Wextra -Wno-unused-parameter -Wwrite-strings -Wcast-qual -Wno-missing-field-initializers -Wimplicit-fallthrough    -Werror -Wcovered-switch-default -std=gnu++17 -o CMakeFiles/cmTC_5863f.dir/src.cxx.o -c /mnt/d/code_project/geekrun/external_fork/Kotoamatsukami/build/CMakeFiles/CMakeTmp/src.cxx
c++: error: unrecognized command-line option '-Wcovered-switch-default'; did you mean '-Wno-switch-default'?
gmake[1]: *** [CMakeFiles/cmTC_5863f.dir/build.make:78: CMakeFiles/cmTC_5863f.dir/src.cxx.o] Error 1
gmake[1]: Leaving directory '/mnt/d/code_project/geekrun/external_fork/Kotoamatsukami/build/CMakeFiles/CMakeTmp'
gmake: *** [Makefile:127: cmTC_5863f/fast] Error 2


Source file was:
int main() { return 0; }
Performing C++ SOURCE FILE Test CXX_WONT_WARN_ON_FINAL_NONVIRTUALDTOR failed with the following output:
Change Dir: /mnt/d/code_project/geekrun/external_fork/Kotoamatsukami/build/CMakeFiles/CMakeTmp

Run Build Command(s):/usr/bin/gmake -f Makefile cmTC_d0a41/fast && /usr/bin/gmake  -f CMakeFiles/cmTC_d0a41.dir/build.make CMakeFiles/cmTC_d0a41.dir/build
gmake[1]: Entering directory '/mnt/d/code_project/geekrun/external_fork/Kotoamatsukami/build/CMakeFiles/CMakeTmp'
/usr/bin/cmake: /usr/local/lib/libcurl.so.4: no version information available (required by /usr/bin/cmake)
Building CXX object CMakeFiles/cmTC_d0a41.dir/src.cxx.o
/usr/bin/c++ -DCXX_WONT_WARN_ON_FINAL_NONVIRTUALDTOR  -g -fPIC -fno-semantic-interposition -fvisibility-inlines-hidden -Werror=date-time -fno-lifetime-dse -Wall -Wextra -Wno-unused-parameter -Wwrite-strings -Wcast-qual -Wno-missing-field-initializers -Wimplicit-fallthrough -Wno-nonnull -Wno-class-memaccess -Wno-redundant-move -Wno-pessimizing-move -Wno-noexcept-type  -Werror=non-virtual-dtor -std=gnu++17 -o CMakeFiles/cmTC_d0a41.dir/src.cxx.o -c /mnt/d/code_project/geekrun/external_fork/Kotoamatsukami/build/CMakeFiles/CMakeTmp/src.cxx
/mnt/d/code_project/geekrun/external_fork/Kotoamatsukami/build/CMakeFiles/CMakeTmp/src.cxx:2:36: error: ‘class base’ has virtual functions and accessible non-virtual destructor [-Werror=non-virtual-dtor]
    2 |                              class base {friend f; public: virtual void anchor();protected: ~base();};
      |                                    ^~~~
cc1plus: some warnings being treated as errors
gmake[1]: *** [CMakeFiles/cmTC_d0a41.dir/build.make:78: CMakeFiles/cmTC_d0a41.dir/src.cxx.o] Error 1
gmake[1]: Leaving directory '/mnt/d/code_project/geekrun/external_fork/Kotoamatsukami/build/CMakeFiles/CMakeTmp'
gmake: *** [Makefile:127: cmTC_d0a41/fast] Error 2


Source file was:
class f {};
                             class base {friend f; public: virtual void anchor();protected: ~base();};
                             int main() { return 0; }
Performing C SOURCE FILE Test C_WCOMMENT_ALLOWS_LINE_WRAP failed with the following output:
Change Dir: /mnt/d/code_project/geekrun/external_fork/Kotoamatsukami/build/CMakeFiles/CMakeTmp

Run Build Command(s):/usr/bin/gmake -f Makefile cmTC_229c5/fast && /usr/bin/gmake  -f CMakeFiles/cmTC_229c5.dir/build.make CMakeFiles/cmTC_229c5.dir/build
gmake[1]: Entering directory '/mnt/d/code_project/geekrun/external_fork/Kotoamatsukami/build/CMakeFiles/CMakeTmp'
/usr/bin/cmake: /usr/local/lib/libcurl.so.4: no version information available (required by /usr/bin/cmake)
Building C object CMakeFiles/cmTC_229c5.dir/src.c.o
/usr/bin/cc -DC_WCOMMENT_ALLOWS_LINE_WRAP  -g -fPIC -fno-semantic-interposition -Werror=date-time -fno-lifetime-dse -Wall -Wextra -Wno-unused-parameter -Wwrite-strings -Wcast-qual -Wno-missing-field-initializers -Wimplicit-fallthrough  -Werror -Wcomment -o CMakeFiles/cmTC_229c5.dir/src.c.o -c /mnt/d/code_project/geekrun/external_fork/Kotoamatsukami/build/CMakeFiles/CMakeTmp/src.c
/mnt/d/code_project/geekrun/external_fork/Kotoamatsukami/build/CMakeFiles/CMakeTmp/src.c:1:1: error: multi-line comment [-Werror=comment]
    1 | // \
      | ^
cc1: all warnings being treated as errors
gmake[1]: *** [CMakeFiles/cmTC_229c5.dir/build.make:78: CMakeFiles/cmTC_229c5.dir/src.c.o] Error 1
gmake[1]: Leaving directory '/mnt/d/code_project/geekrun/external_fork/Kotoamatsukami/build/CMakeFiles/CMakeTmp'
gmake: *** [Makefile:127: cmTC_229c5/fast] Error 2


Source file was:
// \
//
int main(void) {return 0;}
Performing C SOURCE FILE Test C_SUPPORTS_STRING_CONVERSION_FLAG failed with the following output:
Change Dir: /mnt/d/code_project/geekrun/external_fork/Kotoamatsukami/build/CMakeFiles/CMakeTmp

Run Build Command(s):/usr/bin/gmake -f Makefile cmTC_fae18/fast && /usr/bin/gmake  -f CMakeFiles/cmTC_fae18.dir/build.make CMakeFiles/cmTC_fae18.dir/build
gmake[1]: Entering directory '/mnt/d/code_project/geekrun/external_fork/Kotoamatsukami/build/CMakeFiles/CMakeTmp'
/usr/bin/cmake: /usr/local/lib/libcurl.so.4: no version information available (required by /usr/bin/cmake)
Building C object CMakeFiles/cmTC_fae18.dir/src.c.o
/usr/bin/cc -DC_SUPPORTS_STRING_CONVERSION_FLAG  -g -fPIC -fno-semantic-interposition -Werror=date-time -fno-lifetime-dse -Wall -Wextra -Wno-unused-parameter -Wwrite-strings -Wcast-qual -Wno-missing-field-initializers -Wimplicit-fallthrough -Wno-comment    -Werror -Wstring-conversion -o CMakeFiles/cmTC_fae18.dir/src.c.o -c /mnt/d/code_project/geekrun/external_fork/Kotoamatsukami/build/CMakeFiles/CMakeTmp/src.c
cc: error: unrecognized command-line option '-Wstring-conversion'; did you mean '-Wsign-conversion'?
gmake[1]: *** [CMakeFiles/cmTC_fae18.dir/build.make:78: CMakeFiles/cmTC_fae18.dir/src.c.o] Error 1
gmake[1]: Leaving directory '/mnt/d/code_project/geekrun/external_fork/Kotoamatsukami/build/CMakeFiles/CMakeTmp'
gmake: *** [Makefile:127: cmTC_fae18/fast] Error 2


Source file was:
int main(void) { return 0; }
Performing C++ SOURCE FILE Test CXX_SUPPORTS_STRING_CONVERSION_FLAG failed with the following output:
Change Dir: /mnt/d/code_project/geekrun/external_fork/Kotoamatsukami/build/CMakeFiles/CMakeTmp

Run Build Command(s):/usr/bin/gmake -f Makefile cmTC_5d2e1/fast && /usr/bin/gmake  -f CMakeFiles/cmTC_5d2e1.dir/build.make CMakeFiles/cmTC_5d2e1.dir/build
gmake[1]: Entering directory '/mnt/d/code_project/geekrun/external_fork/Kotoamatsukami/build/CMakeFiles/CMakeTmp'
/usr/bin/cmake: /usr/local/lib/libcurl.so.4: no version information available (required by /usr/bin/cmake)
Building CXX object CMakeFiles/cmTC_5d2e1.dir/src.cxx.o
/usr/bin/c++ -DCXX_SUPPORTS_STRING_CONVERSION_FLAG  -g -fPIC -fno-semantic-interposition -fvisibility-inlines-hidden -Werror=date-time -fno-lifetime-dse -Wall -Wextra -Wno-unused-parameter -Wwrite-strings -Wcast-qual -Wno-missing-field-initializers -Wimplicit-fallthrough -Wno-nonnull -Wno-class-memaccess -Wno-redundant-move -Wno-pessimizing-move -Wno-noexcept-type -Wdelete-non-virtual-dtor -Wsuggest-override -Wno-comment    -Werror -Wstring-conversion -std=gnu++17 -o CMakeFiles/cmTC_5d2e1.dir/src.cxx.o -c /mnt/d/code_project/geekrun/external_fork/Kotoamatsukami/build/CMakeFiles/CMakeTmp/src.cxx
c++: error: unrecognized command-line option '-Wstring-conversion'; did you mean '-Wsign-conversion'?
gmake[1]: *** [CMakeFiles/cmTC_5d2e1.dir/build.make:78: CMakeFiles/cmTC_5d2e1.dir/src.cxx.o] Error 1
gmake[1]: Leaving directory '/mnt/d/code_project/geekrun/external_fork/Kotoamatsukami/build/CMakeFiles/CMakeTmp'
gmake: *** [Makefile:127: cmTC_5d2e1/fast] Error 2


Source file was:
int main() { return 0; }
Performing C SOURCE FILE Test C_SUPPORTS_CTAD_MAYBE_UNSPPORTED_FLAG failed with the following output:
Change Dir: /mnt/d/code_project/geekrun/external_fork/Kotoamatsukami/build/CMakeFiles/CMakeTmp

Run Build Command(s):/usr/bin/gmake -f Makefile cmTC_36e07/fast && /usr/bin/gmake  -f CMakeFiles/cmTC_36e07.dir/build.make CMakeFiles/cmTC_36e07.dir/build
gmake[1]: Entering directory '/mnt/d/code_project/geekrun/external_fork/Kotoamatsukami/build/CMakeFiles/CMakeTmp'
/usr/bin/cmake: /usr/local/lib/libcurl.so.4: no version information available (required by /usr/bin/cmake)
Building C object CMakeFiles/cmTC_36e07.dir/src.c.o
/usr/bin/cc -DC_SUPPORTS_CTAD_MAYBE_UNSPPORTED_FLAG  -g -fPIC -fno-semantic-interposition -Werror=date-time -fno-lifetime-dse -Wall -Wextra -Wno-unused-parameter -Wwrite-strings -Wcast-qual -Wno-missing-field-initializers -Wimplicit-fallthrough -Wno-comment    -Werror -Wctad-maybe-unsupported -o CMakeFiles/cmTC_36e07.dir/src.c.o -c /mnt/d/code_project/geekrun/external_fork/Kotoamatsukami/build/CMakeFiles/CMakeTmp/src.c
cc1: error: command-line option '-Wctad-maybe-unsupported' is valid for C++/ObjC++ but not for C [-Werror]
cc1: all warnings being treated as errors
gmake[1]: *** [CMakeFiles/cmTC_36e07.dir/build.make:78: CMakeFiles/cmTC_36e07.dir/src.c.o] Error 1
gmake[1]: Leaving directory '/mnt/d/code_project/geekrun/external_fork/Kotoamatsukami/build/CMakeFiles/CMakeTmp'
gmake: *** [Makefile:127: cmTC_36e07/fast] Error 2


Source file was:
int main(void) { return 0; }
Determining if the os_signpost_interval_begin exist failed with the following output:
Change Dir: /mnt/d/code_project/geekrun/external_fork/Kotoamatsukami/build/CMakeFiles/CMakeTmp

Run Build Command(s):/usr/bin/gmake -f Makefile cmTC_cbfa8/fast && /usr/bin/gmake  -f CMakeFiles/cmTC_cbfa8.dir/build.make CMakeFiles/cmTC_cbfa8.dir/build
gmake[1]: Entering directory '/mnt/d/code_project/geekrun/external_fork/Kotoamatsukami/build/CMakeFiles/CMakeTmp'
/usr/bin/cmake: /usr/local/lib/libcurl.so.4: no version information available (required by /usr/bin/cmake)
Building C object CMakeFiles/cmTC_cbfa8.dir/CheckSymbolExists.c.o
/usr/bin/cc   -g -fPIC -fno-semantic-interposition -fno-lifetime-dse -Wall -Wextra -Wno-unused-parameter -Wwrite-strings -Wcast-qual -Wno-missing-field-initializers -Wimplicit-fallthrough -Wno-comment -ffunction-sections -fdata-sections  -o CMakeFiles/cmTC_cbfa8.dir/CheckSymbolExists.c.o -c /mnt/d/code_project/geekrun/external_fork/Kotoamatsukami/build/CMakeFiles/CMakeTmp/CheckSymbolExists.c
/mnt/d/code_project/geekrun/external_fork/Kotoamatsukami/build/CMakeFiles/CMakeTmp/CheckSymbolExists.c:2:10: fatal error: os/signpost.h: No such file or directory
    2 | #include <os/signpost.h>
      |          ^~~~~~~~~~~~~~~
compilation terminated.
gmake[1]: *** [CMakeFiles/cmTC_cbfa8.dir/build.make:78: CMakeFiles/cmTC_cbfa8.dir/CheckSymbolExists.c.o] Error 1
gmake[1]: Leaving directory '/mnt/d/code_project/geekrun/external_fork/Kotoamatsukami/build/CMakeFiles/CMakeTmp'
gmake: *** [Makefile:127: cmTC_cbfa8/fast] Error 2


File /mnt/d/code_project/geekrun/external_fork/Kotoamatsukami/build/CMakeFiles/CMakeTmp/CheckSymbolExists.c:
/* */
#include <os/signpost.h>

int main(int argc, char** argv)
{
  (void)argv;
#ifndef os_signpost_interval_begin
  return ((int*)(&os_signpost_interval_begin))[argc];
#else
  (void)argc;
  return 0;
#endif
}
